------------------------------------------------------------
TimeQuest Timing Analyzer Summary
------------------------------------------------------------

Type  : Slow 1100mV 85C Model Setup 'clk'
Slack : 0.340
TNS   : 0.000

Type  : Slow 1100mV 85C Model Hold 'clk'
Slack : 0.922
TNS   : 0.000

Type  : Slow 1100mV 85C Model Minimum Pulse Width 'clk'
Slack : 1.237
TNS   : 0.000

Type  : Slow 1100mV 0C Model Setup 'clk'
Slack : 0.119
TNS   : 0.000

Type  : Slow 1100mV 0C Model Hold 'clk'
Slack : 0.861
TNS   : 0.000

Type  : Slow 1100mV 0C Model Minimum Pulse Width 'clk'
Slack : 1.085
TNS   : 0.000

Type  : Fast 1100mV 85C Model Setup 'clk'
Slack : 2.606
TNS   : 0.000

Type  : Fast 1100mV 85C Model Hold 'clk'
Slack : 0.379
TNS   : 0.000

Type  : Fast 1100mV 85C Model Minimum Pulse Width 'clk'
Slack : 1.413
TNS   : 0.000

Type  : Fast 1100mV 0C Model Setup 'clk'
Slack : 2.669
TNS   : 0.000

Type  : Fast 1100mV 0C Model Hold 'clk'
Slack : 0.347
TNS   : 0.000

Type  : Fast 1100mV 0C Model Minimum Pulse Width 'clk'
Slack : 1.414
TNS   : 0.000

------------------------------------------------------------
